deeksha@deeksha-1107:~$ cd training
deeksha@deeksha-1107:~/training$ git clone git@github.com:deekshaD-pgn/project1.git
Cloning into 'project1'...
remote: Enumerating objects: 5, done.
remote: Counting objects: 100% (5/5), done.
remote: Compressing objects: 100% (4/4), done.
remote: Total 5 (delta 0), reused 0 (delta 0), pack-reused 0
Receiving objects: 100% (5/5), 13.47 KiB | 3.37 MiB/s, done.
deeksha@deeksha-1107:~/training$ ls
project1  Repository-1
deeksha@deeksha-1107:~/training$ cd project1/
deeksha@deeksha-1107:~/training/project1$ ll
total 56
drwxrwxr-x 3 deeksha deeksha  4096 Oct 20 09:26 ./
drwxrwxr-x 4 deeksha deeksha  4096 Oct 20 09:26 ../
drwxrwxr-x 8 deeksha deeksha  4096 Oct 20 09:26 .git/
-rw-rw-r-- 1 deeksha deeksha  1799 Oct 20 09:26 .gitignore
-rw-rw-r-- 1 deeksha deeksha 35149 Oct 20 09:26 LICENSE
-rw-rw-r-- 1 deeksha deeksha    27 Oct 20 09:26 README.md
deeksha@deeksha-1107:~/training/project1$ less.gitignore
less.gitignore: command not found
deeksha@deeksha-1107:~/training/project1$ less .gitignore
deeksha@deeksha-1107:~/training/project1$ ls
LICENSE  README.md
deeksha@deeksha-1107:~/training/project1$ touch test.egg
deeksha@deeksha-1107:~/training/project1$ touch test.py
deeksha@deeksha-1107:~/training/project1$ git status
On branch main
Your branch is up to date with 'origin/main'.

Untracked files:
  (use "git add <file>..." to include in what will be committed)
	test.py

nothing added to commit but untracked files present (use "git add" to track)
deeksha@deeksha-1107:~/training/project1$ mkdir scratch
deeksha@deeksha-1107:~/training/project1$ git status
On branch main
Your branch is up to date with 'origin/main'.

Untracked files:
  (use "git add <file>..." to include in what will be committed)
	test.py

nothing added to commit but untracked files present (use "git add" to track)
deeksha@deeksha-1107:~/training/project1$ touch scratch/boombox
deeksha@deeksha-1107:~/training/project1$ ls scratch/boombox
scratch/boombox
deeksha@deeksha-1107:~/training/project1$ git status
On branch main
Your branch is up to date with 'origin/main'.

Changes not staged for commit:
  (use "git add <file>..." to update what will be committed)
  (use "git restore <file>..." to discard changes in working directory)
	modified:   .gitignore

Untracked files:
  (use "git add <file>..." to include in what will be committed)
	test.py

no changes added to commit (use "git add" and/or "git commit -a")
deeksha@deeksha-1107:~/training/project1$ git status
On branch main
Your branch is up to date with 'origin/main'.

Changes not staged for commit:
  (use "git add <file>..." to update what will be committed)
  (use "git restore <file>..." to discard changes in working directory)
	modified:   .gitignore

no changes added to commit (use "git add" and/or "git commit -a")
deeksha@deeksha-1107:~/training/project1$ git add .
deeksha@deeksha-1107:~/training/project1$ git commit -m "Added scratch to .gitignore"
[main ff9facb] Added scratch to .gitignore
 1 file changed, 2 insertions(+)
deeksha@deeksha-1107:~/training/project1$ git push
Enumerating objects: 5, done.
Counting objects: 100% (5/5), done.
Delta compression using up to 4 threads
Compressing objects: 100% (3/3), done.
Writing objects: 100% (3/3), 365 bytes | 365.00 KiB/s, done.
Total 3 (delta 1), reused 0 (delta 0), pack-reused 0
remote: Resolving deltas: 100% (1/1), completed with 1 local object.
To github.com:deekshaD-pgn/project1.git
   5355b63..ff9facb  main -> main
deeksha@deeksha-1107:~/training/project1$ git status
On branch main
Your branch is up to date with 'origin/main'.

nothing to commit, working tree clean
deeksha@deeksha-1107:~/training/project1$ ls
LICENSE  out.py  README.md  scratch  test.egg
deeksha@deeksha-1107:~/training/project1$ cat out.py
print("Hello world")
deeksha@deeksha-1107:~/training/project1$ python3 out.py
Hello world
deeksha@deeksha-1107:~/training/project1$ python3 out.py
1
deeksha@deeksha-1107:~/training/project1$ python3 out.py
6
deeksha@deeksha-1107:~/training/project1$ python3 out.py
1
5.6
Hello
None
deeksha@deeksha-1107:~/training/project1$ python3 out.py
1
31.359999999999996
Traceback (most recent call last):
  File "/home/deeksha/training/project1/out.py", line 2, in <module>
    print(x * x)
TypeError: can't multiply sequence by non-int of type 'str'
deeksha@deeksha-1107:~/training/project1$ python3 out.py
1
1
2
4
3
9
4
16
deeksha@deeksha-1107:~/training/project1$ python3 
Python 3.10.4 (main, Jun 29 2022, 12:14:53) [GCC 11.2.0] on linux
Type "help", "copyright", "credits" or "license" for more information.
>>> primt("Hello Python")
Traceback (most recent call last):
  File "<stdin>", line 1, in <module>
NameError: name 'primt' is not defined. Did you mean: 'print'?
>>> print("Hi!")
Hi!
>>> 1+3
4
>>> "Hello" * 5
'HelloHelloHelloHelloHello'
>>> suits = [ "club", "heart", "spade", "diamond"]
>>> suits
['club', 'heart', 'spade', 'diamond']
>>> suits[2]
'spade'
>>> 
deeksha@deeksha-1107:~/training/project1$ ls
LICENSE  out.py  README.md  scratch  test.egg
deeksha@deeksha-1107:~/training/project1$ mv out.py ages.py
deeksha@deeksha-1107:~/training/project1$ git status
On branch main
Your branch is up to date with 'origin/main'.

Untracked files:
  (use "git add <file>..." to include in what will be committed)
	ages.py

nothing added to commit but untracked files present (use "git add" to track)
deeksha@deeksha-1107:~/training/project1$ git add ages.py
deeksha@deeksha-1107:~/training/project1$ git status
On branch main
Your branch is up to date with 'origin/main'.

Changes to be committed:
  (use "git restore --staged <file>..." to unstage)
	new file:   ages.py

deeksha@deeksha-1107:~/training/project1$ git commit -m "Added file ages.py"
[main 143ea6e] Added file ages.py
 1 file changed, 6 insertions(+)
 create mode 100644 ages.py
deeksha@deeksha-1107:~/training/project1$ git push
Enumerating objects: 4, done.
Counting objects: 100% (4/4), done.
Delta compression using up to 4 threads
Compressing objects: 100% (3/3), done.
Writing objects: 100% (3/3), 399 bytes | 399.00 KiB/s, done.
Total 3 (delta 1), reused 0 (delta 0), pack-reused 0
remote: Resolving deltas: 100% (1/1), completed with 1 local object.
To github.com:deekshaD-pgn/project1.git
   ff9facb..143ea6e  main -> main
deeksha@deeksha-1107:~/training/project1$ python3 
Python 3.10.4 (main, Jun 29 2022, 12:14:53) [GCC 11.2.0] on linux
Type "help", "copyright", "credits" or "license" for more information.
>>> 
>>> #list:
>>> #Dict
>>> {973: "aphelion"}
{973: 'aphelion'}
>>> a[973]
Traceback (most recent call last):
  File "<stdin>", line 1, in <module>
NameError: name 'a' is not defined
>>> a = {973: "aphelion"}
>>> a[973]
'aphelion'
>>> (1,2,3)
(1, 2, 3)
>>> (1,2,3)[1]
2
>>> ('Simom', 'Yodan', 'Deeksha', 'Mushika')
('Simom', 'Yodan', 'Deeksha', 'Mushika')
>>> b = ['Simom', 'Yodan', 'Deeksha', 'Mushika']
>>> b
['Simom', 'Yodan', 'Deeksha', 'Mushika']
>>> 
>>> 5 / 0
Traceback (most recent call last):
  File "<stdin>", line 1, in <module>
ZeroDivisionError: division by zero
>>> 
deeksha@deeksha-1107:~/training/project1$ git add .
deeksha@deeksha-1107:~/training/project1$ git commit -m "A few exception"
[main d1e979e] A few exception
 2 files changed, 47 insertions(+)
 create mode 100644 exc.py
 create mode 100644 funcs.py
deeksha@deeksha-1107:~/training/project1$ 
